---
source: fud2/tests/tests.rs
description: "emit request: calyx -> vcd through verilator"
---
build-tool = fud2
rule get-rsrc
  command = $build-tool get-rsrc $out

calyx-base = /test/calyx
calyx-exe = $calyx-base/target/debug/calyx
args = 
rule calyx
  command = $calyx-exe -l $calyx-base -b $backend $args $in > $out
rule calyx-pass
  command = $calyx-exe -l $calyx-base -p $pass $args $in > $out
flags = -p none
rule calyx-with-flags
  command = $calyx-exe -l $calyx-base $flags $args $in > $out

python = python3
build json-dat.py: get-rsrc
rule hex-data
  command = $python json-dat.py --from-json $in $out
rule json-data
  command = $python json-dat.py --to-json $out $in
sim_data = /test/data.json
datadir = sim_data
build $datadir: hex-data $sim_data | json-dat.py
rule sim-run
  command = ./$bin +DATA=$datadir +CYCLE_LIMIT=$cycle-limit $args > $out
cycle-limit = 500000000

build tb.sv: get-rsrc

verilator = verilator
cycle-limit = 500000000
rule verilator-compile-standalone-tb
  command = $verilator $in tb.sv --trace --binary --top-module toplevel -fno-inline -Mdir $out-dir
rule verilator-compile-custom-tb
  command = $verilator $in tb.sv memories.sv --trace --binary --top-module toplevel -fno-inline -Mdir $out-dir
rule cp
  command = cp $in $out

build verilog.sv: calyx _from_stdin_calyx.futil
  backend = verilog
build verilator-out/Vtoplevel: verilator-compile-standalone-tb verilog.sv | tb.sv
  out-dir = verilator-out
build sim.exe: cp verilator-out/Vtoplevel
build sim.log _to_stdout_vcd.vcd: sim-run sim.exe $datadir
  bin = sim.exe
  args = +NOTRACE=0 +OUT=_to_stdout_vcd.vcd

default _to_stdout_vcd.vcd
