---
source: fud2/tests/tests.rs
description: "emit plan: interp"
---
build-tool = fud2
rule get-rsrc
  command = $build-tool get-rsrc $out

python = python3
build json-dat.py: get-rsrc
rule hex-data
  command = $python json-dat.py --from-json $in $out
rule json-data
  command = $python json-dat.py --to-json $out $in
sim_data = /test/data.json
datadir = sim_data
build $datadir: hex-data $sim_data | json-dat.py
rule sim-run
  command = ./$bin +DATA=$datadir +CYCLE_LIMIT=$cycle-limit $args > $out
cycle-limit = 500000000

build tb.sv: get-rsrc

calyx-base = /test/calyx
calyx-exe = $calyx-base/target/debug/calyx
args = 
rule calyx
  command = $calyx-exe -l $calyx-base -b $backend $args $in > $out
rule calyx-pass
  command = $calyx-exe -l $calyx-base -p $pass $args $in > $out
flags = -p none
rule calyx-with-flags
  command = $calyx-exe -l $calyx-base $flags $args $in > $out

cider-exe = $calyx-base/target/debug/cider
cider-converter = $calyx-base/target/debug/cider-data-converter
rule cider
  command = $cider-exe -l $calyx-base --raw --data data.json $in > $out
rule cider-debug
  command = $cider-exe -l $calyx-base --data data.json $in debug || true
  pool = console
build interp-dat.py: get-rsrc
python = python3
rule dat-to-interp
  command = $python interp-dat.py --to-interp $in
rule interp-to-dat
  command = $python interp-dat.py --from-interp $in $sim_data > $out
build data.json: dat-to-interp $sim_data | interp-dat.py
rule run-cider
  command = $cider-exe -l $calyx-base --data data.dump $in flat > $out
rule dump-to-interp
  command = $cider-converter --to cider $in > $out
rule interp-to-dump
  command = $cider-converter --to json $in > $out
build data.dump: dump-to-interp $sim_data | $cider-converter

build interp_out.json: cider /input.ext | data.json
build /output.ext: interp-to-dat interp_out.json | $sim_data interp-dat.py

default /output.ext
