---
source: fud2/fud-core/tests/flang/mod.rs
expression: e
---
id cannot start with !
