---
source: fud2/fud-core/tests/flang/mod.rs
expression: ast
---
AssignmentList {
    assigns: [
        Assignment {
            vars: [
                "_",
            ],
            value: Op {
                name: "input",
                args: [],
            },
        },
    ],
}
