---
source: fud2/fud-core/tests/flang/mod.rs
expression: e
---
no more to lex
