---
source: fud2/fud-core/tests/flang/mod.rs
expression: e
---
expected <id> but found ;
