---
source: fud2/fud-core/tests/plan_files/mod.rs
expression: e.msg()
---
no more to lex
